
> my-app@0.1.0 build
> react-scripts build

Creating an optimized production build...
node.exe : 
At C:\Program Files\nodejs\npm.ps1:29 char:3
+   & $NODE_EXE $NPM_CLI_JS $args
+   ~~~~~~~~~~~~~~~~~~~~~~~~~~~~~
    + CategoryInfo          : NotSpecified: (:String) [], Remot 
   eException
    + FullyQualifiedErrorId : NativeCommandError
 
[1m[33mwarn[39m[22m - The `content` option in your Tailwind 
CSS configuration is missing or empty.
[1m[33mwarn[39m[22m - Configure your content sources or 
your generated CSS will be missing styles.
[1m[33mwarn[39m[22m - 
https://tailwindcss.com/docs/content-configuration
Compiled successfully.

File sizes after gzip:

  71.69 kB (+40 B)  build\static\js\main.cfe768fd.js
  2.23 kB           build\static\css\main.1a6e6ebd.css
  1.76 kB           build\static\js\453.fd2f0c4a.chunk.js

The project was built assuming it is hosted at /.
You can control this with the homepage field in your package.json.

The build folder is ready to be deployed.
You may serve it with a static server:

  npm install -g serve
  serve -s build

Find out more about deployment here:

  https://cra.link/deployment

